INFO: [VRFC 10-2263] Analyzing Verilog file "D:/Anx/AnxBoard/AnxBoard/AnxBoard.srcs/sources_1/ip/vio_0/sim/vio_0.v" into library xil_defaultlib
INFO: [VRFC 10-311] analyzing module vio_0
INFO: [VRFC 10-2263] Analyzing Verilog file "D:/Anx/rtl_borad/EXE.v" into library xil_defaultlib
INFO: [VRFC 10-311] analyzing module exe_stage
WARNING: [VRFC 10-3676] redeclaration of ansi port 'es_res_from_mem' is not allowed [D:/Anx/rtl_borad/EXE.v:85]
INFO: [VRFC 10-2263] Analyzing Verilog file "D:/Anx/rtl_borad/ID.v" into library xil_defaultlib
INFO: [VRFC 10-311] analyzing module id_stage
INFO: [VRFC 10-2458] undeclared symbol rj_eq_rd, assumed default net type wire [D:/Anx/rtl_borad/ID.v:251]
INFO: [VRFC 10-2263] Analyzing Verilog file "D:/Anx/rtl_borad/IF.v" into library xil_defaultlib
INFO: [VRFC 10-311] analyzing module if_stage
INFO: [VRFC 10-2263] Analyzing Verilog file "D:/Anx/rtl_borad/MEM.v" into library xil_defaultlib
INFO: [VRFC 10-311] analyzing module mem_stage
WARNING: [VRFC 10-3676] redeclaration of ansi port 'ms_load_wait' is not allowed [D:/Anx/rtl_borad/MEM.v:32]
INFO: [VRFC 10-2263] Analyzing Verilog file "D:/Anx/rtl_borad/WB.v" into library xil_defaultlib
INFO: [VRFC 10-311] analyzing module wb_stage
INFO: [VRFC 10-2263] Analyzing Verilog file "D:/Anx/rtl_borad/alu.v" into library xil_defaultlib
INFO: [VRFC 10-311] analyzing module alu
INFO: [VRFC 10-2458] undeclared symbol op_modw, assumed default net type wire [D:/Anx/rtl_borad/alu.v:48]
INFO: [VRFC 10-2458] undeclared symbol op_divu, assumed default net type wire [D:/Anx/rtl_borad/alu.v:49]
INFO: [VRFC 10-2458] undeclared symbol op_modwu, assumed default net type wire [D:/Anx/rtl_borad/alu.v:50]
INFO: [VRFC 10-2263] Analyzing Verilog file "D:/Anx/rtl_borad/branch.v" into library xil_defaultlib
INFO: [VRFC 10-311] analyzing module branch
INFO: [VRFC 10-2263] Analyzing Verilog file "D:/Anx/rtl_borad/clog2.v" into library xil_defaultlib
INFO: [VRFC 10-311] analyzing module clog2
INFO: [VRFC 10-2263] Analyzing Verilog file "D:/Anx/rtl_borad/controller.v" into library xil_defaultlib
INFO: [VRFC 10-311] analyzing module controller
INFO: [VRFC 10-2263] Analyzing Verilog file "D:/Anx/rtl_borad/data_ram.v" into library xil_defaultlib
INFO: [VRFC 10-311] analyzing module data_ram
INFO: [VRFC 10-2263] Analyzing Verilog file "D:/Anx/rtl_borad/decoder_2_4.v" into library xil_defaultlib
INFO: [VRFC 10-311] analyzing module decoder_2_4
INFO: [VRFC 10-2263] Analyzing Verilog file "D:/Anx/rtl_borad/decoder_4_16.v" into library xil_defaultlib
INFO: [VRFC 10-311] analyzing module decoder_4_16
INFO: [VRFC 10-2263] Analyzing Verilog file "D:/Anx/rtl_borad/decoder_5_32.v" into library xil_defaultlib
INFO: [VRFC 10-311] analyzing module decoder_5_32
INFO: [VRFC 10-2263] Analyzing Verilog file "D:/Anx/rtl_borad/decoder_6_64.v" into library xil_defaultlib
INFO: [VRFC 10-311] analyzing module decoder_6_64
INFO: [VRFC 10-2263] Analyzing Verilog file "D:/Anx/rtl_borad/divider.v" into library xil_defaultlib
INFO: [VRFC 10-311] analyzing module divider
WARNING: [VRFC 10-3380] identifier 'div_next_state' is used before its declaration [D:/Anx/rtl_borad/divider.v:32]
INFO: [VRFC 10-2263] Analyzing Verilog file "D:/Anx/rtl_borad/exe_staller.v" into library xil_defaultlib
INFO: [VRFC 10-311] analyzing module exe_staller
INFO: [VRFC 10-2263] Analyzing Verilog file "D:/Anx/rtl_borad/forward.v" into library xil_defaultlib
INFO: [VRFC 10-311] analyzing module forward
INFO: [VRFC 10-2263] Analyzing Verilog file "D:/Anx/rtl_borad/fpga_top.v" into library xil_defaultlib
INFO: [VRFC 10-311] analyzing module fpga_top
INFO: [VRFC 10-2263] Analyzing Verilog file "D:/Anx/rtl_borad/imm.v" into library xil_defaultlib
INFO: [VRFC 10-311] analyzing module imm
INFO: [VRFC 10-2263] Analyzing Verilog file "D:/Anx/rtl_borad/inst_decode.v" into library xil_defaultlib
INFO: [VRFC 10-311] analyzing module inst_decode
INFO: [VRFC 10-2263] Analyzing Verilog file "D:/Anx/rtl_borad/inst_ram.v" into library xil_defaultlib
INFO: [VRFC 10-311] analyzing module inst_ram
