#-----------------------------------------------------------
# Vivado v2019.2 (64-bit)
# SW Build 2708876 on Wed Nov  6 21:40:23 MST 2019
# IP Build 2700528 on Thu Nov  7 00:09:20 MST 2019
# Start of session at: Sun Apr 26 16:32:49 2026
# Process ID: 8500
# Current directory: D:/Anx/AnxBoard/AnxBoard
# Command line: vivado.exe -gui_launcher_event rodinguilauncherevent18072 D:\Anx\AnxBoard\AnxBoard\AnxBoard.xpr
# Log file: D:/Anx/AnxBoard/AnxBoard/vivado.log
# Journal file: D:/Anx/AnxBoard/AnxBoard\vivado.jou
#-----------------------------------------------------------
start_gui
open_project D:/Anx/AnxBoard/AnxBoard/AnxBoard.xpr
CRITICAL WARNING: [Project 1-19] Could not find the file 'D:/Anx/rtl_borad/data_ram.v'.
CRITICAL WARNING: [Project 1-19] Could not find the file 'D:/Anx/rtl_borad/exe_staller.v'.
CRITICAL WARNING: [Project 1-19] Could not find the file 'D:/Anx/rtl_borad/fpga_top.v'.
CRITICAL WARNING: [Project 1-19] Could not find the file 'D:/Anx/rtl_borad/inst_ram.v'.
CRITICAL WARNING: [Project 1-19] Could not find the file 'D:/Anx/rtl_borad/staller.v'.
CRITICAL WARNING: [Project 1-19] Could not find the file 'D:/Anx/rtl_borad/tb_fpga_top.v'.
CRITICAL WARNING: [Project 1-19] Could not find the file 'D:/Anx/rtl_borad/ila_test.v'.
CRITICAL WARNING: [Project 1-19] Could not find the file 'D:/Anx/rtl_borad/fpga_top.xdc'.
Scanning sources...
Finished scanning sources
INFO: [IP_Flow 19-234] Refreshing IP repositories
INFO: [IP_Flow 19-1704] No user IP repositories specified
INFO: [IP_Flow 19-2313] Loaded Vivado IP repository 'D:/Vivado/Vivado/2019.2/data/ip'.
export_ip_user_files -of_objects  [get_files D:/Anx/rtl_borad/mycpu_top.v] -no_script -reset -force -quiet
remove_files  D:/Anx/rtl_borad/mycpu_top.v
export_ip_user_files -of_objects  [get_files D:/Anx/rtl_borad/EXE.v] -no_script -reset -force -quiet
export_ip_user_files -of_objects  [get_files D:/Anx/rtl_borad/ID.v] -no_script -reset -force -quiet
export_ip_user_files -of_objects  [get_files D:/Anx/rtl_borad/IF.v] -no_script -reset -force -quiet
export_ip_user_files -of_objects  [get_files D:/Anx/rtl_borad/MEM.v] -no_script -reset -force -quiet
export_ip_user_files -of_objects  [get_files D:/Anx/rtl_borad/WB.v] -no_script -reset -force -quiet
remove_files  {D:/Anx/rtl_borad/EXE.v D:/Anx/rtl_borad/ID.v D:/Anx/rtl_borad/IF.v D:/Anx/rtl_borad/MEM.v D:/Anx/rtl_borad/WB.v}
export_ip_user_files -of_objects  [get_files D:/Anx/AnxBoard/AnxBoard/AnxBoard.srcs/sources_1/ip/ila_0_1/ila_0.xci] -no_script -reset -force -quiet
remove_files  D:/Anx/AnxBoard/AnxBoard/AnxBoard.srcs/sources_1/ip/ila_0_1/ila_0.xci
export_ip_user_files -of_objects  [get_files D:/Anx/AnxBoard/AnxBoard/AnxBoard.srcs/sources_1/ip/vio_0/vio_0.xci] -no_script -reset -force -quiet
remove_files  -fileset vio_0 D:/Anx/AnxBoard/AnxBoard/AnxBoard.srcs/sources_1/ip/vio_0/vio_0.xci
INFO: [Project 1-386] Moving file 'D:/Anx/AnxBoard/AnxBoard/AnxBoard.srcs/sources_1/ip/vio_0/vio_0.xci' from fileset 'vio_0' to fileset 'sources_1'.
add_files {D:/Anx/rtl_borad/inst_decode.v D:/Anx/rtl_borad/decoder_6_64.v D:/Anx/rtl_borad/branch.v D:/Anx/rtl_borad/divider.v D:/Anx/rtl_borad/imm.v D:/Anx/rtl_borad/ID.v D:/Anx/rtl_borad/csr_register.v D:/Anx/rtl_borad/clog2.v D:/Anx/rtl_borad/op_decode.v D:/Anx/rtl_borad/mycpu.h D:/Anx/rtl_borad/decoder_2_4.v D:/Anx/rtl_borad/IF.v D:/Anx/rtl_borad/decoder_4_16.v D:/Anx/rtl_borad/forward.v D:/Anx/rtl_borad/alu.v D:/Anx/rtl_borad/MEM.v D:/Anx/rtl_borad/regfile.v D:/Anx/rtl_borad/decoder_5_32.v D:/Anx/rtl_borad/interrupt.v D:/Anx/rtl_borad/trap_unit.v D:/Anx/rtl_borad/EXE.v D:/Anx/rtl_borad/controller.v D:/Anx/rtl_borad/mycpu_top.v D:/Anx/rtl_borad/WB.v}
WARNING: [filemgmt 56-12] File 'D:/Anx/rtl_borad/inst_decode.v' cannot be added to the project because it already exists in the project, skipping this file
WARNING: [filemgmt 56-12] File 'D:/Anx/rtl_borad/decoder_6_64.v' cannot be added to the project because it already exists in the project, skipping this file
WARNING: [filemgmt 56-12] File 'D:/Anx/rtl_borad/branch.v' cannot be added to the project because it already exists in the project, skipping this file
WARNING: [filemgmt 56-12] File 'D:/Anx/rtl_borad/divider.v' cannot be added to the project because it already exists in the project, skipping this file
WARNING: [filemgmt 56-12] File 'D:/Anx/rtl_borad/imm.v' cannot be added to the project because it already exists in the project, skipping this file
WARNING: [filemgmt 56-12] File 'D:/Anx/rtl_borad/clog2.v' cannot be added to the project because it already exists in the project, skipping this file
WARNING: [filemgmt 56-12] File 'D:/Anx/rtl_borad/op_decode.v' cannot be added to the project because it already exists in the project, skipping this file
WARNING: [filemgmt 56-12] File 'D:/Anx/rtl_borad/mycpu.h' cannot be added to the project because it already exists in the project, skipping this file
WARNING: [filemgmt 56-12] File 'D:/Anx/rtl_borad/decoder_2_4.v' cannot be added to the project because it already exists in the project, skipping this file
WARNING: [filemgmt 56-12] File 'D:/Anx/rtl_borad/decoder_4_16.v' cannot be added to the project because it already exists in the project, skipping this file
WARNING: [filemgmt 56-12] File 'D:/Anx/rtl_borad/forward.v' cannot be added to the project because it already exists in the project, skipping this file
WARNING: [filemgmt 56-12] File 'D:/Anx/rtl_borad/alu.v' cannot be added to the project because it already exists in the project, skipping this file
WARNING: [filemgmt 56-12] File 'D:/Anx/rtl_borad/regfile.v' cannot be added to the project because it already exists in the project, skipping this file
WARNING: [filemgmt 56-12] File 'D:/Anx/rtl_borad/decoder_5_32.v' cannot be added to the project because it already exists in the project, skipping this file
WARNING: [filemgmt 56-12] File 'D:/Anx/rtl_borad/controller.v' cannot be added to the project because it already exists in the project, skipping this file
create_run impl_2 -parent_run synth_1 -flow {Vivado Implementation 2019} -strategy {Vivado Implementation Defaults} -report_strategy {Vivado Implementation Default Reports}
Run is defaulting to parent run srcset: sources_1
Run is defaulting to parent run constrset: constrs_1
Run is defaulting to parent run part: xc7a35tfgg484-1
current_run [get_runs impl_2]
set_property part xc7a200tfbg676-1 [current_project]
add_files -norecurse {D:/Anx/rtl_borad/soc_top.v D:/Anx/rtl_borad/tb_soc_top.v}
set_property top tb_soc_top [current_fileset]
set_property top soc_top [current_fileset]
exit
INFO: [Common 17-206] Exiting Vivado at Sun Apr 26 17:53:10 2026...
