
*** Running vivado
    with args -log fpga_top.vds -m64 -product Vivado -mode batch -messageDb vivado.pb -notrace -source fpga_top.tcl


****** Vivado v2019.2 (64-bit)
  **** SW Build 2708876 on Wed Nov  6 21:40:23 MST 2019
  **** IP Build 2700528 on Thu Nov  7 00:09:20 MST 2019
    ** Copyright 1986-2019 Xilinx, Inc. All Rights Reserved.

source fpga_top.tcl -notrace
Command: synth_design -top fpga_top -part xc7a35tfgg484-1
Starting synth_design
Attempting to get a license for feature 'Synthesis' and/or device 'xc7a35t'
INFO: [Common 17-349] Got license for feature 'Synthesis' and/or device 'xc7a35t'
INFO: [Device 21-403] Loading part xc7a35tfgg484-1
INFO: Launching helper process for spawning children vivado processes
INFO: Helper process launched with PID 28780 
WARNING: [Synth 8-2611] redeclaration of ansi port es_res_from_mem is not allowed [D:/Anx/rtl_borad/EXE.v:85]
WARNING: [Synth 8-2611] redeclaration of ansi port ms_load_wait is not allowed [D:/Anx/rtl_borad/MEM.v:32]
WARNING: [Synth 8-6901] identifier 'div_next_state' is used before its declaration [D:/Anx/rtl_borad/divider.v:32]
WARNING: [Synth 8-6901] identifier 'DIV_RESULT_PREPARE' is used before its declaration [D:/Anx/rtl_borad/divider.v:32]
---------------------------------------------------------------------------------
Starting RTL Elaboration : Time (s): cpu = 00:00:01 ; elapsed = 00:00:02 . Memory (MB): peak = 809.836 ; gain = 241.277
---------------------------------------------------------------------------------
INFO: [Synth 8-6157] synthesizing module 'fpga_top' [D:/Anx/rtl_borad/fpga_top.v:3]
INFO: [Synth 8-6157] synthesizing module 'mycpu_top' [D:/Anx/rtl_borad/mycpu_top.v:3]
INFO: [Synth 8-6157] synthesizing module 'if_stage' [D:/Anx/rtl_borad/IF.v:3]
INFO: [Synth 8-6155] done synthesizing module 'if_stage' (1#1) [D:/Anx/rtl_borad/IF.v:3]
INFO: [Synth 8-6157] synthesizing module 'id_stage' [D:/Anx/rtl_borad/ID.v:3]
INFO: [Synth 8-6157] synthesizing module 'decoder_6_64' [D:/Anx/rtl_borad/decoder_6_64.v:1]
INFO: [Synth 8-6155] done synthesizing module 'decoder_6_64' (2#1) [D:/Anx/rtl_borad/decoder_6_64.v:1]
INFO: [Synth 8-6157] synthesizing module 'decoder_4_16' [D:/Anx/rtl_borad/decoder_4_16.v:1]
INFO: [Synth 8-6155] done synthesizing module 'decoder_4_16' (3#1) [D:/Anx/rtl_borad/decoder_4_16.v:1]
INFO: [Synth 8-6157] synthesizing module 'decoder_2_4' [D:/Anx/rtl_borad/decoder_2_4.v:1]
INFO: [Synth 8-6155] done synthesizing module 'decoder_2_4' (4#1) [D:/Anx/rtl_borad/decoder_2_4.v:1]
INFO: [Synth 8-6157] synthesizing module 'decoder_5_32' [D:/Anx/rtl_borad/decoder_5_32.v:1]
INFO: [Synth 8-6155] done synthesizing module 'decoder_5_32' (5#1) [D:/Anx/rtl_borad/decoder_5_32.v:1]
INFO: [Synth 8-6157] synthesizing module 'inst_decode' [D:/Anx/rtl_borad/inst_decode.v:3]
INFO: [Synth 8-6155] done synthesizing module 'inst_decode' (6#1) [D:/Anx/rtl_borad/inst_decode.v:3]
INFO: [Synth 8-6157] synthesizing module 'op_decode' [D:/Anx/rtl_borad/op_decode.v:3]
INFO: [Synth 8-6155] done synthesizing module 'op_decode' (7#1) [D:/Anx/rtl_borad/op_decode.v:3]
INFO: [Synth 8-6157] synthesizing module 'imm' [D:/Anx/rtl_borad/imm.v:3]
INFO: [Synth 8-6155] done synthesizing module 'imm' (8#1) [D:/Anx/rtl_borad/imm.v:3]
INFO: [Synth 8-6157] synthesizing module 'controller' [D:/Anx/rtl_borad/controller.v:3]
INFO: [Synth 8-6155] done synthesizing module 'controller' (9#1) [D:/Anx/rtl_borad/controller.v:3]
INFO: [Synth 8-6157] synthesizing module 'regfile' [D:/Anx/rtl_borad/regfile.v:1]
INFO: [Synth 8-6155] done synthesizing module 'regfile' (10#1) [D:/Anx/rtl_borad/regfile.v:1]
INFO: [Synth 8-6157] synthesizing module 'staller' [D:/Anx/rtl_borad/staller.v:3]
INFO: [Synth 8-6155] done synthesizing module 'staller' (11#1) [D:/Anx/rtl_borad/staller.v:3]
INFO: [Synth 8-6157] synthesizing module 'forward' [D:/Anx/rtl_borad/forward.v:3]
INFO: [Synth 8-6155] done synthesizing module 'forward' (12#1) [D:/Anx/rtl_borad/forward.v:3]
INFO: [Synth 8-6157] synthesizing module 'branch' [D:/Anx/rtl_borad/branch.v:3]
INFO: [Synth 8-6155] done synthesizing module 'branch' (13#1) [D:/Anx/rtl_borad/branch.v:3]
INFO: [Synth 8-6155] done synthesizing module 'id_stage' (14#1) [D:/Anx/rtl_borad/ID.v:3]
INFO: [Synth 8-6157] synthesizing module 'exe_stage' [D:/Anx/rtl_borad/EXE.v:3]
INFO: [Synth 8-6157] synthesizing module 'exe_staller' [D:/Anx/rtl_borad/exe_staller.v:3]
INFO: [Synth 8-6155] done synthesizing module 'exe_staller' (15#1) [D:/Anx/rtl_borad/exe_staller.v:3]
WARNING: [Synth 8-7023] instance 'u_exe_staller' of module 'exe_staller' has 13 connections declared, but only 12 given [D:/Anx/rtl_borad/EXE.v:101]
INFO: [Synth 8-6157] synthesizing module 'alu' [D:/Anx/rtl_borad/alu.v:1]
INFO: [Synth 8-6157] synthesizing module 'divider' [D:/Anx/rtl_borad/divider.v:1]
	Parameter DIV_IDLE bound to: 3'b000 
	Parameter DIV_INIT bound to: 3'b001 
	Parameter DIV_CALC bound to: 3'b010 
	Parameter DIV_DONE bound to: 3'b011 
	Parameter DIV_HOLD bound to: 3'b100 
	Parameter DIV_RESULT_PREPARE bound to: 3'b101 
INFO: [Synth 8-6157] synthesizing module 'clog2' [D:/Anx/rtl_borad/clog2.v:1]
WARNING: [Synth 8-3936] Found unconnected internal register 'b_reg' and it is trimmed from '32' to '4' bits. [D:/Anx/rtl_borad/clog2.v:8]
INFO: [Synth 8-6155] done synthesizing module 'clog2' (16#1) [D:/Anx/rtl_borad/clog2.v:1]
INFO: [Synth 8-155] case statement is not full and has no default [D:/Anx/rtl_borad/divider.v:91]
INFO: [Synth 8-155] case statement is not full and has no default [D:/Anx/rtl_borad/divider.v:149]
INFO: [Synth 8-6155] done synthesizing module 'divider' (17#1) [D:/Anx/rtl_borad/divider.v:1]
WARNING: [Synth 8-6014] Unused sequential element ready_s_d_reg was removed.  [D:/Anx/rtl_borad/alu.v:110]
WARNING: [Synth 8-6014] Unused sequential element ready_u_d_reg was removed.  [D:/Anx/rtl_borad/alu.v:111]
INFO: [Synth 8-6155] done synthesizing module 'alu' (18#1) [D:/Anx/rtl_borad/alu.v:1]
WARNING: [Synth 8-7023] instance 'u_alu' of module 'alu' has 10 connections declared, but only 8 given [D:/Anx/rtl_borad/EXE.v:131]
INFO: [Synth 8-6155] done synthesizing module 'exe_stage' (19#1) [D:/Anx/rtl_borad/EXE.v:3]
INFO: [Synth 8-6157] synthesizing module 'mem_stage' [D:/Anx/rtl_borad/MEM.v:3]
INFO: [Synth 8-6155] done synthesizing module 'mem_stage' (20#1) [D:/Anx/rtl_borad/MEM.v:3]
INFO: [Synth 8-6157] synthesizing module 'wb_stage' [D:/Anx/rtl_borad/WB.v:3]
INFO: [Synth 8-6155] done synthesizing module 'wb_stage' (21#1) [D:/Anx/rtl_borad/WB.v:3]
WARNING: [Synth 8-7023] instance 'wb_stage' of module 'wb_stage' has 13 connections declared, but only 12 given [D:/Anx/rtl_borad/mycpu_top.v:147]
WARNING: [Synth 8-3848] Net es_valid in module/entity mycpu_top does not have driver. [D:/Anx/rtl_borad/mycpu_top.v:46]
WARNING: [Synth 8-3848] Net ms_valid in module/entity mycpu_top does not have driver. [D:/Anx/rtl_borad/mycpu_top.v:47]
WARNING: [Synth 8-3848] Net ws_valid in module/entity mycpu_top does not have driver. [D:/Anx/rtl_borad/mycpu_top.v:48]
INFO: [Synth 8-6155] done synthesizing module 'mycpu_top' (22#1) [D:/Anx/rtl_borad/mycpu_top.v:3]
INFO: [Synth 8-6157] synthesizing module 'inst_ram' [D:/Anx/rtl_borad/inst_ram.v:5]
INFO: [Synth 8-6155] done synthesizing module 'inst_ram' (23#1) [D:/Anx/rtl_borad/inst_ram.v:5]
INFO: [Synth 8-6157] synthesizing module 'data_ram' [D:/Anx/rtl_borad/data_ram.v:4]
INFO: [Synth 8-6155] done synthesizing module 'data_ram' (24#1) [D:/Anx/rtl_borad/data_ram.v:4]
INFO: [Synth 8-6157] synthesizing module 'vio_0' [D:/Anx/AnxBoard/AnxBoard/AnxBoard.runs/synth_1/.Xil/Vivado-4628-DESKTOP-31GR4GJ/realtime/vio_0_stub.v:6]
INFO: [Synth 8-6155] done synthesizing module 'vio_0' (25#1) [D:/Anx/AnxBoard/AnxBoard/AnxBoard.runs/synth_1/.Xil/Vivado-4628-DESKTOP-31GR4GJ/realtime/vio_0_stub.v:6]
WARNING: [Synth 8-689] width (8) of port connection 'probe_out0' does not match port width (1) of module 'vio_0' [D:/Anx/rtl_borad/fpga_top.v:123]
WARNING: [Synth 8-7023] instance 'u_vio' of module 'vio_0' has 9 connections declared, but only 2 given [D:/Anx/rtl_borad/fpga_top.v:121]
INFO: [Synth 8-6071] Mark debug on the nets applies keep_hierarchy on instance 'u_vio'. This will prevent further optimization [D:/Anx/rtl_borad/fpga_top.v:121]
WARNING: [Synth 8-3848] Net led_reg in module/entity fpga_top does not have driver. [D:/Anx/rtl_borad/fpga_top.v:110]
INFO: [Synth 8-6155] done synthesizing module 'fpga_top' (26#1) [D:/Anx/rtl_borad/fpga_top.v:3]
WARNING: [Synth 8-3331] design wb_stage has unconnected port sram_rdata[31]
WARNING: [Synth 8-3331] design wb_stage has unconnected port sram_rdata[30]
WARNING: [Synth 8-3331] design wb_stage has unconnected port sram_rdata[29]
WARNING: [Synth 8-3331] design wb_stage has unconnected port sram_rdata[28]
WARNING: [Synth 8-3331] design wb_stage has unconnected port sram_rdata[27]
WARNING: [Synth 8-3331] design wb_stage has unconnected port sram_rdata[26]
WARNING: [Synth 8-3331] design wb_stage has unconnected port sram_rdata[25]
WARNING: [Synth 8-3331] design wb_stage has unconnected port sram_rdata[24]
WARNING: [Synth 8-3331] design wb_stage has unconnected port sram_rdata[23]
WARNING: [Synth 8-3331] design wb_stage has unconnected port sram_rdata[22]
WARNING: [Synth 8-3331] design wb_stage has unconnected port sram_rdata[21]
WARNING: [Synth 8-3331] design wb_stage has unconnected port sram_rdata[20]
WARNING: [Synth 8-3331] design wb_stage has unconnected port sram_rdata[19]
WARNING: [Synth 8-3331] design wb_stage has unconnected port sram_rdata[18]
WARNING: [Synth 8-3331] design wb_stage has unconnected port sram_rdata[17]
WARNING: [Synth 8-3331] design wb_stage has unconnected port sram_rdata[16]
WARNING: [Synth 8-3331] design wb_stage has unconnected port sram_rdata[15]
WARNING: [Synth 8-3331] design wb_stage has unconnected port sram_rdata[14]
WARNING: [Synth 8-3331] design wb_stage has unconnected port sram_rdata[13]
WARNING: [Synth 8-3331] design wb_stage has unconnected port sram_rdata[12]
WARNING: [Synth 8-3331] design wb_stage has unconnected port sram_rdata[11]
WARNING: [Synth 8-3331] design wb_stage has unconnected port sram_rdata[10]
WARNING: [Synth 8-3331] design wb_stage has unconnected port sram_rdata[9]
WARNING: [Synth 8-3331] design wb_stage has unconnected port sram_rdata[8]
WARNING: [Synth 8-3331] design wb_stage has unconnected port sram_rdata[7]
WARNING: [Synth 8-3331] design wb_stage has unconnected port sram_rdata[6]
WARNING: [Synth 8-3331] design wb_stage has unconnected port sram_rdata[5]
WARNING: [Synth 8-3331] design wb_stage has unconnected port sram_rdata[4]
WARNING: [Synth 8-3331] design wb_stage has unconnected port sram_rdata[3]
WARNING: [Synth 8-3331] design wb_stage has unconnected port sram_rdata[2]
WARNING: [Synth 8-3331] design wb_stage has unconnected port sram_rdata[1]
WARNING: [Synth 8-3331] design wb_stage has unconnected port sram_rdata[0]
WARNING: [Synth 8-3331] design exe_staller has unconnected port alu_op[23]
WARNING: [Synth 8-3331] design exe_staller has unconnected port alu_op[22]
WARNING: [Synth 8-3331] design exe_staller has unconnected port alu_op[21]
WARNING: [Synth 8-3331] design exe_staller has unconnected port alu_op[20]
WARNING: [Synth 8-3331] design exe_staller has unconnected port alu_op[19]
WARNING: [Synth 8-3331] design exe_staller has unconnected port alu_op[18]
WARNING: [Synth 8-3331] design exe_staller has unconnected port alu_op[17]
WARNING: [Synth 8-3331] design exe_staller has unconnected port alu_op[16]
WARNING: [Synth 8-3331] design exe_staller has unconnected port alu_op[15]
WARNING: [Synth 8-3331] design exe_staller has unconnected port alu_op[14]
WARNING: [Synth 8-3331] design exe_staller has unconnected port alu_op[13]
WARNING: [Synth 8-3331] design exe_staller has unconnected port alu_op[12]
WARNING: [Synth 8-3331] design exe_staller has unconnected port alu_op[11]
WARNING: [Synth 8-3331] design exe_staller has unconnected port alu_op[10]
WARNING: [Synth 8-3331] design exe_staller has unconnected port alu_op[9]
WARNING: [Synth 8-3331] design exe_staller has unconnected port alu_op[8]
WARNING: [Synth 8-3331] design exe_staller has unconnected port alu_op[7]
WARNING: [Synth 8-3331] design exe_staller has unconnected port alu_op[6]
WARNING: [Synth 8-3331] design exe_staller has unconnected port alu_op[5]
WARNING: [Synth 8-3331] design exe_staller has unconnected port alu_op[4]
WARNING: [Synth 8-3331] design exe_staller has unconnected port alu_op[3]
WARNING: [Synth 8-3331] design exe_staller has unconnected port alu_op[2]
WARNING: [Synth 8-3331] design exe_staller has unconnected port alu_op[1]
WARNING: [Synth 8-3331] design exe_staller has unconnected port alu_op[0]
WARNING: [Synth 8-3331] design exe_staller has unconnected port ds_to_es_valid
WARNING: [Synth 8-3331] design branch has unconnected port inst_bus[45]
WARNING: [Synth 8-3331] design branch has unconnected port inst_bus[44]
WARNING: [Synth 8-3331] design branch has unconnected port inst_bus[43]
WARNING: [Synth 8-3331] design branch has unconnected port inst_bus[42]
WARNING: [Synth 8-3331] design branch has unconnected port inst_bus[41]
WARNING: [Synth 8-3331] design branch has unconnected port inst_bus[40]
WARNING: [Synth 8-3331] design branch has unconnected port inst_bus[39]
WARNING: [Synth 8-3331] design branch has unconnected port inst_bus[38]
WARNING: [Synth 8-3331] design branch has unconnected port inst_bus[37]
WARNING: [Synth 8-3331] design branch has unconnected port inst_bus[36]
WARNING: [Synth 8-3331] design branch has unconnected port inst_bus[35]
WARNING: [Synth 8-3331] design branch has unconnected port inst_bus[34]
WARNING: [Synth 8-3331] design branch has unconnected port inst_bus[33]
WARNING: [Synth 8-3331] design branch has unconnected port inst_bus[32]
WARNING: [Synth 8-3331] design branch has unconnected port inst_bus[26]
WARNING: [Synth 8-3331] design branch has unconnected port inst_bus[25]
WARNING: [Synth 8-3331] design branch has unconnected port inst_bus[24]
WARNING: [Synth 8-3331] design branch has unconnected port inst_bus[23]
WARNING: [Synth 8-3331] design branch has unconnected port inst_bus[22]
WARNING: [Synth 8-3331] design branch has unconnected port inst_bus[21]
WARNING: [Synth 8-3331] design branch has unconnected port inst_bus[20]
WARNING: [Synth 8-3331] design branch has unconnected port inst_bus[19]
WARNING: [Synth 8-3331] design branch has unconnected port inst_bus[18]
WARNING: [Synth 8-3331] design branch has unconnected port inst_bus[17]
WARNING: [Synth 8-3331] design branch has unconnected port inst_bus[16]
WARNING: [Synth 8-3331] design branch has unconnected port inst_bus[15]
WARNING: [Synth 8-3331] design branch has unconnected port inst_bus[14]
WARNING: [Synth 8-3331] design branch has unconnected port inst_bus[13]
WARNING: [Synth 8-3331] design branch has unconnected port inst_bus[12]
WARNING: [Synth 8-3331] design branch has unconnected port inst_bus[11]
WARNING: [Synth 8-3331] design branch has unconnected port inst_bus[10]
WARNING: [Synth 8-3331] design branch has unconnected port inst_bus[5]
WARNING: [Synth 8-3331] design branch has unconnected port inst_bus[4]
WARNING: [Synth 8-3331] design branch has unconnected port inst_bus[3]
WARNING: [Synth 8-3331] design branch has unconnected port inst_bus[2]
WARNING: [Synth 8-3331] design branch has unconnected port inst_bus[1]
WARNING: [Synth 8-3331] design branch has unconnected port inst_bus[0]
WARNING: [Synth 8-3331] design branch has unconnected port need_si16
WARNING: [Synth 8-3331] design forward has unconnected port ws_to_ds_dest[4]
WARNING: [Synth 8-3331] design forward has unconnected port ws_to_ds_dest[3]
WARNING: [Synth 8-3331] design forward has unconnected port ws_to_ds_dest[2]
WARNING: [Synth 8-3331] design forward has unconnected port ws_to_ds_dest[1]
WARNING: [Synth 8-3331] design forward has unconnected port ws_to_ds_dest[0]
INFO: [Common 17-14] Message 'Synth 8-3331' appears 100 times and further instances of the messages will be disabled. Use the Tcl command set_msg_config to change the current settings.
---------------------------------------------------------------------------------
Finished RTL Elaboration : Time (s): cpu = 00:00:02 ; elapsed = 00:00:03 . Memory (MB): peak = 871.062 ; gain = 302.504
---------------------------------------------------------------------------------

Report Check Netlist: 
+------+------------------+-------+---------+-------+------------------+
|      |Item              |Errors |Warnings |Status |Description       |
+------+------------------+-------+---------+-------+------------------+
|1     |multi_driven_nets |      0|        0|Passed |Multi driven nets |
+------+------------------+-------+---------+-------+------------------+
---------------------------------------------------------------------------------
Start Handling Custom Attributes
---------------------------------------------------------------------------------
---------------------------------------------------------------------------------
Finished Handling Custom Attributes : Time (s): cpu = 00:00:02 ; elapsed = 00:00:03 . Memory (MB): peak = 871.062 ; gain = 302.504
---------------------------------------------------------------------------------
---------------------------------------------------------------------------------
Finished RTL Optimization Phase 1 : Time (s): cpu = 00:00:02 ; elapsed = 00:00:03 . Memory (MB): peak = 871.062 ; gain = 302.504
---------------------------------------------------------------------------------
Netlist sorting complete. Time (s): cpu = 00:00:00 ; elapsed = 00:00:00.037 . Memory (MB): peak = 871.062 ; gain = 0.000
INFO: [Project 1-570] Preparing netlist for logic optimization

Processing XDC Constraints
Initializing timing engine
Parsing XDC File [d:/Anx/AnxBoard/AnxBoard/AnxBoard.srcs/sources_1/ip/vio_0/vio_0/vio_0_in_context.xdc] for cell 'u_vio'
Finished Parsing XDC File [d:/Anx/AnxBoard/AnxBoard/AnxBoard.srcs/sources_1/ip/vio_0/vio_0/vio_0_in_context.xdc] for cell 'u_vio'
Parsing XDC File [D:/Anx/rtl_borad/fpga_top.xdc]
WARNING: [Vivado 12-507] No nets matched 'clk_50m_IBUF'. [D:/Anx/rtl_borad/fpga_top.xdc:9]
Finished Parsing XDC File [D:/Anx/rtl_borad/fpga_top.xdc]
WARNING: [Project 1-498] One or more constraints failed evaluation while reading constraint file [D:/Anx/rtl_borad/fpga_top.xdc] and the design contains unresolved black boxes. These constraints will be read post-synthesis (as long as their source constraint file is marked as used_in_implementation) and should be applied correctly then. You should review the constraints listed in the file [.Xil/fpga_top_propImpl.xdc] and check the run log file to verify that these constraints were correctly applied.
INFO: [Project 1-236] Implementation specific constraints were found while reading constraint file [D:/Anx/rtl_borad/fpga_top.xdc]. These constraints will be ignored for synthesis but will be used in implementation. Impacted constraints are listed in the file [.Xil/fpga_top_propImpl.xdc].
Resolution: To avoid this warning, move constraints listed in [.Xil/fpga_top_propImpl.xdc] to another XDC file and exclude this new file from synthesis with the used_in_synthesis property (File Properties dialog in GUI) and re-run elaboration/synthesis.
Parsing XDC File [D:/Anx/AnxBoard/AnxBoard/AnxBoard.runs/synth_1/dont_touch.xdc]
Finished Parsing XDC File [D:/Anx/AnxBoard/AnxBoard/AnxBoard.runs/synth_1/dont_touch.xdc]
Completed Processing XDC Constraints

Netlist sorting complete. Time (s): cpu = 00:00:00 ; elapsed = 00:00:00 . Memory (MB): peak = 992.555 ; gain = 0.000
INFO: [Project 1-111] Unisim Transformation Summary:
No Unisim elements were transformed.

Constraint Validation Runtime : Time (s): cpu = 00:00:00 ; elapsed = 00:00:00.006 . Memory (MB): peak = 992.555 ; gain = 0.000
---------------------------------------------------------------------------------
Finished Constraint Validation : Time (s): cpu = 00:00:05 ; elapsed = 00:00:06 . Memory (MB): peak = 992.555 ; gain = 423.996
---------------------------------------------------------------------------------
---------------------------------------------------------------------------------
Start Loading Part and Timing Information
---------------------------------------------------------------------------------
Loading part: xc7a35tfgg484-1
---------------------------------------------------------------------------------
Finished Loading Part and Timing Information : Time (s): cpu = 00:00:05 ; elapsed = 00:00:06 . Memory (MB): peak = 992.555 ; gain = 423.996
---------------------------------------------------------------------------------
---------------------------------------------------------------------------------
Start Applying 'set_property' XDC Constraints
---------------------------------------------------------------------------------
Applied set_property DONT_TOUCH = true for clk_50m. (constraint file  D:/Anx/rtl_borad/fpga_top.xdc, line 31).
Applied set_property DONT_TOUCH = true for vio_out[0]. (constraint file  D:/Anx/rtl_borad/fpga_top.xdc, line 31).
Applied set_property DONT_TOUCH = true for u_vio. (constraint file  auto generated constraint, line ).
---------------------------------------------------------------------------------
Finished applying 'set_property' XDC Constraints : Time (s): cpu = 00:00:05 ; elapsed = 00:00:06 . Memory (MB): peak = 992.555 ; gain = 423.996
---------------------------------------------------------------------------------
INFO: [Synth 8-5818] HDL ADVISOR - The operator resource <adder> is shared. To prevent sharing consider applying a KEEP on the output of the operator [D:/Anx/rtl_borad/branch.v:67]
INFO: [Synth 8-5845] Not enough pipeline registers after wide multiplier. Recommended levels of pipeline registers is 4 [D:/Anx/rtl_borad/alu.v:170]
---------------------------------------------------------------------------------
Finished RTL Optimization Phase 2 : Time (s): cpu = 00:00:05 ; elapsed = 00:00:07 . Memory (MB): peak = 992.555 ; gain = 423.996
---------------------------------------------------------------------------------

Report RTL Partitions: 
+-+--------------+------------+----------+
| |RTL Partition |Replication |Instances |
+-+--------------+------------+----------+
+-+--------------+------------+----------+
---------------------------------------------------------------------------------
Start RTL Component Statistics 
---------------------------------------------------------------------------------
Detailed RTL Component Info : 
+---Adders : 
	   3 Input     64 Bit       Adders := 2     
	   2 Input     64 Bit       Adders := 1     
	   3 Input     33 Bit       Adders := 1     
	   2 Input     32 Bit       Adders := 12    
	   3 Input     32 Bit       Adders := 4     
	   2 Input      6 Bit       Adders := 6     
+---XORs : 
	   2 Input     32 Bit         XORs := 1     
	   2 Input      1 Bit         XORs := 3     
+---Registers : 
	              207 Bit    Registers := 1     
	              111 Bit    Registers := 1     
	               70 Bit    Registers := 1     
	               64 Bit    Registers := 5     
	               32 Bit    Registers := 11    
	                6 Bit    Registers := 6     
	                3 Bit    Registers := 2     
	                1 Bit    Registers := 17    
+---Multipliers : 
	                32x32  Multipliers := 1     
+---RAMs : 
	              64K Bit         RAMs := 2     
+---Muxes : 
	   2 Input     64 Bit        Muxes := 6     
	   7 Input     64 Bit        Muxes := 2     
	   2 Input     32 Bit        Muxes := 61    
	   7 Input     32 Bit        Muxes := 4     
	   3 Input     32 Bit        Muxes := 1     
	   4 Input     32 Bit        Muxes := 4     
	   4 Input     16 Bit        Muxes := 1     
	   2 Input      8 Bit        Muxes := 2     
	  16 Input      6 Bit        Muxes := 4     
	   2 Input      6 Bit        Muxes := 12    
	   7 Input      6 Bit        Muxes := 4     
	   2 Input      5 Bit        Muxes := 5     
	   2 Input      4 Bit        Muxes := 5     
	   4 Input      4 Bit        Muxes := 1     
	   2 Input      3 Bit        Muxes := 8     
	   2 Input      1 Bit        Muxes := 11    
	   8 Input      1 Bit        Muxes := 4     
	   7 Input      1 Bit        Muxes := 14    
	   4 Input      1 Bit        Muxes := 2     
---------------------------------------------------------------------------------
Finished RTL Component Statistics 
---------------------------------------------------------------------------------
---------------------------------------------------------------------------------
Start RTL Hierarchical Component Statistics 
---------------------------------------------------------------------------------
Hierarchical RTL Component report 
Module fpga_top 
Detailed RTL Component Info : 
+---Muxes : 
	   2 Input     32 Bit        Muxes := 1     
Module if_stage 
Detailed RTL Component Info : 
+---Adders : 
	   2 Input     32 Bit       Adders := 1     
+---Registers : 
	               32 Bit    Registers := 1     
	                1 Bit    Registers := 1     
+---Muxes : 
	   2 Input     32 Bit        Muxes := 1     
Module regfile 
Detailed RTL Component Info : 
+---Muxes : 
	   2 Input     32 Bit        Muxes := 2     
Module forward 
Detailed RTL Component Info : 
+---Muxes : 
	   2 Input     32 Bit        Muxes := 9     
Module branch 
Detailed RTL Component Info : 
+---Adders : 
	   2 Input     32 Bit       Adders := 1     
+---Muxes : 
	   2 Input     32 Bit        Muxes := 3     
Module id_stage 
Detailed RTL Component Info : 
+---Registers : 
	               64 Bit    Registers := 1     
	                1 Bit    Registers := 1     
+---Muxes : 
	   2 Input      5 Bit        Muxes := 2     
Module exe_staller 
Detailed RTL Component Info : 
+---Registers : 
	                1 Bit    Registers := 1     
+---Muxes : 
	   2 Input      1 Bit        Muxes := 3     
Module clog2 
Detailed RTL Component Info : 
+---Adders : 
	   2 Input      6 Bit       Adders := 1     
+---Muxes : 
	   2 Input     32 Bit        Muxes := 2     
	  16 Input      6 Bit        Muxes := 1     
	   2 Input      4 Bit        Muxes := 1     
Module divider 
Detailed RTL Component Info : 
+---Adders : 
	   3 Input     64 Bit       Adders := 1     
	   3 Input     32 Bit       Adders := 2     
	   2 Input     32 Bit       Adders := 5     
	   2 Input      6 Bit       Adders := 1     
+---XORs : 
	   2 Input      1 Bit         XORs := 1     
+---Registers : 
	               64 Bit    Registers := 2     
	               32 Bit    Registers := 2     
	                6 Bit    Registers := 3     
	                3 Bit    Registers := 1     
	                1 Bit    Registers := 4     
+---Muxes : 
	   2 Input     64 Bit        Muxes := 3     
	   7 Input     64 Bit        Muxes := 1     
	   2 Input     32 Bit        Muxes := 11    
	   7 Input     32 Bit        Muxes := 2     
	   2 Input      6 Bit        Muxes := 6     
	   7 Input      6 Bit        Muxes := 2     
	   2 Input      3 Bit        Muxes := 4     
	   8 Input      1 Bit        Muxes := 2     
	   2 Input      1 Bit        Muxes := 4     
	   7 Input      1 Bit        Muxes := 7     
Module alu 
Detailed RTL Component Info : 
+---Adders : 
	   2 Input     64 Bit       Adders := 1     
	   3 Input     33 Bit       Adders := 1     
+---XORs : 
	   2 Input     32 Bit         XORs := 1     
	   2 Input      1 Bit         XORs := 1     
+---Registers : 
	               32 Bit    Registers := 4     
	                1 Bit    Registers := 2     
+---Multipliers : 
	                32x32  Multipliers := 1     
+---Muxes : 
	   2 Input     32 Bit        Muxes := 1     
Module exe_stage 
Detailed RTL Component Info : 
+---Registers : 
	              207 Bit    Registers := 1     
	                1 Bit    Registers := 1     
+---Muxes : 
	   2 Input     32 Bit        Muxes := 5     
	   2 Input      5 Bit        Muxes := 1     
	   2 Input      4 Bit        Muxes := 1     
	   4 Input      4 Bit        Muxes := 1     
Module mem_stage 
Detailed RTL Component Info : 
+---Registers : 
	              111 Bit    Registers := 1     
	                1 Bit    Registers := 1     
+---Muxes : 
	   3 Input     32 Bit        Muxes := 1     
	   2 Input     32 Bit        Muxes := 1     
	   4 Input     16 Bit        Muxes := 1     
	   2 Input      5 Bit        Muxes := 1     
Module wb_stage 
Detailed RTL Component Info : 
+---Registers : 
	               70 Bit    Registers := 1     
	                1 Bit    Registers := 1     
+---Muxes : 
	   2 Input      5 Bit        Muxes := 1     
Module mycpu_top 
Detailed RTL Component Info : 
+---Registers : 
	                1 Bit    Registers := 1     
Module inst_ram 
Detailed RTL Component Info : 
+---Registers : 
	               32 Bit    Registers := 1     
+---RAMs : 
	              64K Bit         RAMs := 1     
+---Muxes : 
	   4 Input     32 Bit        Muxes := 2     
	   2 Input     32 Bit        Muxes := 4     
	   2 Input      8 Bit        Muxes := 1     
	   4 Input      1 Bit        Muxes := 1     
Module data_ram 
Detailed RTL Component Info : 
+---Registers : 
	               32 Bit    Registers := 1     
+---RAMs : 
	              64K Bit         RAMs := 1     
+---Muxes : 
	   4 Input     32 Bit        Muxes := 2     
	   2 Input     32 Bit        Muxes := 4     
	   2 Input      8 Bit        Muxes := 1     
	   4 Input      1 Bit        Muxes := 1     
---------------------------------------------------------------------------------
Finished RTL Hierarchical Component Statistics
---------------------------------------------------------------------------------
---------------------------------------------------------------------------------
Start Part Resource Summary
---------------------------------------------------------------------------------
Part Resources:
DSPs: 90 (col length:60)
BRAMs: 100 (col length: RAMB18 60 RAMB36 30)
---------------------------------------------------------------------------------
Finished Part Resource Summary
---------------------------------------------------------------------------------
---------------------------------------------------------------------------------
Start Cross Boundary and Area Optimization
---------------------------------------------------------------------------------
Warning: Parallel synthesis criteria is not met 
INFO: [Synth 8-5845] Not enough pipeline registers after wide multiplier. Recommended levels of pipeline registers is 4 [D:/Anx/rtl_borad/alu.v:171]
DSP Report: Generating DSP mul_result, operation Mode is: A*B.
DSP Report: operator mul_result is absorbed into DSP mul_result.
DSP Report: operator mul_result is absorbed into DSP mul_result.
DSP Report: Generating DSP mul_result, operation Mode is: (PCIN>>17)+A*B.
DSP Report: operator mul_result is absorbed into DSP mul_result.
DSP Report: operator mul_result is absorbed into DSP mul_result.
DSP Report: Generating DSP mul_result, operation Mode is: A*B.
DSP Report: operator mul_result is absorbed into DSP mul_result.
DSP Report: operator mul_result is absorbed into DSP mul_result.
DSP Report: Generating DSP mul_result, operation Mode is: (PCIN>>17)+A*B.
DSP Report: operator mul_result is absorbed into DSP mul_result.
DSP Report: operator mul_result is absorbed into DSP mul_result.
DSP Report: Generating DSP mulu_result, operation Mode is: A*B.
DSP Report: operator mulu_result is absorbed into DSP mulu_result.
DSP Report: operator mulu_result is absorbed into DSP mulu_result.
DSP Report: Generating DSP mulu_result, operation Mode is: (PCIN>>17)+A*B.
DSP Report: operator mulu_result is absorbed into DSP mulu_result.
DSP Report: operator mulu_result is absorbed into DSP mulu_result.
DSP Report: Generating DSP mulu_result, operation Mode is: C+A*B.
DSP Report: operator mulu_result is absorbed into DSP mulu_result.
DSP Report: operator mulu_result is absorbed into DSP mulu_result.
---------------------------------------------------------------------------------
Finished Cross Boundary and Area Optimization : Time (s): cpu = 00:00:07 ; elapsed = 00:00:08 . Memory (MB): peak = 992.555 ; gain = 423.996
---------------------------------------------------------------------------------
---------------------------------------------------------------------------------
Start ROM, RAM, DSP and Shift Register Reporting
---------------------------------------------------------------------------------

DSP: Preliminary Mapping	Report (see note below)
+------------+----------------+--------+--------+--------+--------+--------+------+------+------+------+-------+------+------+
|Module Name | DSP Mapping    | A Size | B Size | C Size | D Size | P Size | AREG | BREG | CREG | DREG | ADREG | MREG | PREG | 
+------------+----------------+--------+--------+--------+--------+--------+------+------+------+------+-------+------+------+
|alu         | A*B            | 18     | 15     | -      | -      | 48     | 0    | 0    | -    | -    | -     | 0    | 0    | 
|alu         | (PCIN>>17)+A*B | 15     | 15     | -      | -      | 30     | 0    | 0    | -    | -    | -     | 0    | 0    | 
|alu         | A*B            | 18     | 18     | -      | -      | 48     | 0    | 0    | -    | -    | -     | 0    | 0    | 
|alu         | (PCIN>>17)+A*B | 18     | 15     | -      | -      | 47     | 0    | 0    | -    | -    | -     | 0    | 0    | 
|alu         | A*B            | 18     | 16     | -      | -      | 48     | 0    | 0    | -    | -    | -     | 0    | 0    | 
|alu         | (PCIN>>17)+A*B | 16     | 16     | -      | -      | 30     | 0    | 0    | -    | -    | -     | 0    | 0    | 
|alu         | C+A*B          | 18     | 16     | 47     | -      | 47     | 0    | 0    | 0    | -    | -     | 0    | 0    | 
+------------+----------------+--------+--------+--------+--------+--------+------+------+------+------+-------+------+------+

Note: The table above is a preliminary report that shows the DSPs inferred at the current stage of the synthesis flow. Some DSP may be reimplemented as non DSP primitives later in the synthesis flow. Multiple instantiated DSPs are reported only once.
---------------------------------------------------------------------------------
Finished ROM, RAM, DSP and Shift Register Reporting
---------------------------------------------------------------------------------

Report RTL Partitions: 
+-+--------------+------------+----------+
| |RTL Partition |Replication |Instances |
+-+--------------+------------+----------+
+-+--------------+------------+----------+
---------------------------------------------------------------------------------
Start Applying XDC Timing Constraints
---------------------------------------------------------------------------------
---------------------------------------------------------------------------------
Finished Applying XDC Timing Constraints : Time (s): cpu = 00:00:10 ; elapsed = 00:00:12 . Memory (MB): peak = 992.555 ; gain = 423.996
---------------------------------------------------------------------------------
---------------------------------------------------------------------------------
Start Timing Optimization
---------------------------------------------------------------------------------
---------------------------------------------------------------------------------
Finished Timing Optimization : Time (s): cpu = 00:00:10 ; elapsed = 00:00:12 . Memory (MB): peak = 992.555 ; gain = 423.996
---------------------------------------------------------------------------------

Report RTL Partitions: 
+-+--------------+------------+----------+
| |RTL Partition |Replication |Instances |
+-+--------------+------------+----------+
+-+--------------+------------+----------+
---------------------------------------------------------------------------------
Start Technology Mapping
---------------------------------------------------------------------------------
---------------------------------------------------------------------------------
Finished Technology Mapping : Time (s): cpu = 00:00:10 ; elapsed = 00:00:12 . Memory (MB): peak = 992.555 ; gain = 423.996
---------------------------------------------------------------------------------

Report RTL Partitions: 
+-+--------------+------------+----------+
| |RTL Partition |Replication |Instances |
+-+--------------+------------+----------+
+-+--------------+------------+----------+
---------------------------------------------------------------------------------
Start IO Insertion
---------------------------------------------------------------------------------
---------------------------------------------------------------------------------
Start Flattening Before IO Insertion
---------------------------------------------------------------------------------
---------------------------------------------------------------------------------
Finished Flattening Before IO Insertion
---------------------------------------------------------------------------------
---------------------------------------------------------------------------------
Start Final Netlist Cleanup
---------------------------------------------------------------------------------
---------------------------------------------------------------------------------
Finished Final Netlist Cleanup
---------------------------------------------------------------------------------
---------------------------------------------------------------------------------
Finished IO Insertion : Time (s): cpu = 00:00:11 ; elapsed = 00:00:14 . Memory (MB): peak = 992.555 ; gain = 423.996
---------------------------------------------------------------------------------
---------------------------------------------------------------------------------
Start Renaming Generated Instances
---------------------------------------------------------------------------------
---------------------------------------------------------------------------------
Finished Renaming Generated Instances : Time (s): cpu = 00:00:11 ; elapsed = 00:00:14 . Memory (MB): peak = 992.555 ; gain = 423.996
---------------------------------------------------------------------------------

Report RTL Partitions: 
+-+--------------+------------+----------+
| |RTL Partition |Replication |Instances |
+-+--------------+------------+----------+
+-+--------------+------------+----------+

Report Check Netlist: 
+------+------------------+-------+---------+-------+------------------+
|      |Item              |Errors |Warnings |Status |Description       |
+------+------------------+-------+---------+-------+------------------+
|1     |multi_driven_nets |      0|        0|Passed |Multi driven nets |
+------+------------------+-------+---------+-------+------------------+
---------------------------------------------------------------------------------
Start Rebuilding User Hierarchy
---------------------------------------------------------------------------------
---------------------------------------------------------------------------------
Finished Rebuilding User Hierarchy : Time (s): cpu = 00:00:11 ; elapsed = 00:00:14 . Memory (MB): peak = 992.555 ; gain = 423.996
---------------------------------------------------------------------------------
---------------------------------------------------------------------------------
Start Renaming Generated Ports
---------------------------------------------------------------------------------
---------------------------------------------------------------------------------
Finished Renaming Generated Ports : Time (s): cpu = 00:00:11 ; elapsed = 00:00:14 . Memory (MB): peak = 992.555 ; gain = 423.996
---------------------------------------------------------------------------------
---------------------------------------------------------------------------------
Start Handling Custom Attributes
---------------------------------------------------------------------------------
---------------------------------------------------------------------------------
Finished Handling Custom Attributes : Time (s): cpu = 00:00:11 ; elapsed = 00:00:14 . Memory (MB): peak = 992.555 ; gain = 423.996
---------------------------------------------------------------------------------
---------------------------------------------------------------------------------
Start Renaming Generated Nets
---------------------------------------------------------------------------------
---------------------------------------------------------------------------------
Finished Renaming Generated Nets : Time (s): cpu = 00:00:11 ; elapsed = 00:00:14 . Memory (MB): peak = 992.555 ; gain = 423.996
---------------------------------------------------------------------------------
---------------------------------------------------------------------------------
Start Writing Synthesis Report
---------------------------------------------------------------------------------

Report BlackBoxes: 
+------+--------------+----------+
|      |BlackBox name |Instances |
+------+--------------+----------+
|1     |vio_0         |         1|
+------+--------------+----------+

Report Cell Usage: 
+------+------+------+
|      |Cell  |Count |
+------+------+------+
|1     |vio_0 |     1|
|2     |LUT1  |    23|
|3     |IBUF  |     1|
|4     |OBUF  |     8|
+------+------+------+

Report Instance Areas: 
+------+---------+-------+------+
|      |Instance |Module |Cells |
+------+---------+-------+------+
|1     |top      |       |    40|
+------+---------+-------+------+
---------------------------------------------------------------------------------
Finished Writing Synthesis Report : Time (s): cpu = 00:00:11 ; elapsed = 00:00:14 . Memory (MB): peak = 992.555 ; gain = 423.996
---------------------------------------------------------------------------------
Synthesis finished with 0 errors, 0 critical warnings and 187 warnings.
Synthesis Optimization Runtime : Time (s): cpu = 00:00:08 ; elapsed = 00:00:12 . Memory (MB): peak = 992.555 ; gain = 302.504
Synthesis Optimization Complete : Time (s): cpu = 00:00:11 ; elapsed = 00:00:14 . Memory (MB): peak = 992.555 ; gain = 423.996
INFO: [Project 1-571] Translating synthesized netlist
Netlist sorting complete. Time (s): cpu = 00:00:00 ; elapsed = 00:00:00 . Memory (MB): peak = 992.555 ; gain = 0.000
INFO: [Project 1-570] Preparing netlist for logic optimization
INFO: [Opt 31-138] Pushed 0 inverter(s) to 0 load pin(s).
Netlist sorting complete. Time (s): cpu = 00:00:00 ; elapsed = 00:00:00 . Memory (MB): peak = 998.184 ; gain = 0.000
INFO: [Project 1-111] Unisim Transformation Summary:
No Unisim elements were transformed.

INFO: [Common 17-83] Releasing license: Synthesis
69 Infos, 118 Warnings, 0 Critical Warnings and 0 Errors encountered.
synth_design completed successfully
synth_design: Time (s): cpu = 00:00:14 ; elapsed = 00:00:17 . Memory (MB): peak = 998.184 ; gain = 700.086
Netlist sorting complete. Time (s): cpu = 00:00:00 ; elapsed = 00:00:00.001 . Memory (MB): peak = 998.184 ; gain = 0.000
WARNING: [Constraints 18-5210] No constraints selected for write.
Resolution: This message can indicate that there are no constraints for the design, or it can indicate that the used_in flags are set such that the constraints are ignored. This later case is used when running synth_design to not write synthesis constraints to the resulting checkpoint. Instead, project constraints are read when the synthesized design is opened.
INFO: [Common 17-1381] The checkpoint 'D:/Anx/AnxBoard/AnxBoard/AnxBoard.runs/synth_1/fpga_top.dcp' has been generated.
INFO: [runtcl-4] Executing : report_utilization -file fpga_top_utilization_synth.rpt -pb fpga_top_utilization_synth.pb
INFO: [Common 17-206] Exiting Vivado at Sat Apr 25 21:19:56 2026...
